#-----------------------------------------------------------
# Vivado v2019.2 (64-bit)
# SW Build 2708876 on Wed Nov  6 21:39:14 MST 2019
# IP Build 2700528 on Thu Nov  7 00:09:20 MST 2019
# Start of session at: Mon May  4 17:17:37 2020
# Process ID: 29012
# Current directory: /home/xilinx/lpsc_mandelbrot_blazevic/Mandelbrot/designs/vivado/mandelbrot_pinout/2018.2/mandelbrot_pinout.runs/ublaze_sopc_axi4lite_sl_if_0_0_synth_1
# Command line: vivado -log ublaze_sopc_axi4lite_sl_if_0_0.vds -product Vivado -mode batch -messageDb vivado.pb -notrace -source ublaze_sopc_axi4lite_sl_if_0_0.tcl
# Log file: /home/xilinx/lpsc_mandelbrot_blazevic/Mandelbrot/designs/vivado/mandelbrot_pinout/2018.2/mandelbrot_pinout.runs/ublaze_sopc_axi4lite_sl_if_0_0_synth_1/ublaze_sopc_axi4lite_sl_if_0_0.vds
# Journal file: /home/xilinx/lpsc_mandelbrot_blazevic/Mandelbrot/designs/vivado/mandelbrot_pinout/2018.2/mandelbrot_pinout.runs/ublaze_sopc_axi4lite_sl_if_0_0_synth_1/vivado.jou
#-----------------------------------------------------------
source ublaze_sopc_axi4lite_sl_if_0_0.tcl -notrace
