#-----------------------------------------------------------
# Webtalk v2019.2 (64-bit)
# SW Build 2708876 on Wed Nov  6 21:39:14 MST 2019
# IP Build 2700528 on Thu Nov  7 00:09:20 MST 2019
# Start of session at: Tue May  5 16:43:06 2020
# Process ID: 26962
# Current directory: /home/xilinx/lpsc_mandelbrot_blazevic/Mandelbrot/designs/vivado/mandelbrot_pinout/2018.2/mandelbrot_pinout.sim/sim_1/synth/timing/xsim
# Command line: wbtcv -mode batch -source /home/xilinx/lpsc_mandelbrot_blazevic/Mandelbrot/designs/vivado/mandelbrot_pinout/2018.2/mandelbrot_pinout.sim/sim_1/synth/timing/xsim/xsim.dir/mandel_iter_time_synth/webtalk/xsim_webtalk.tcl -notrace
# Log file: /home/xilinx/lpsc_mandelbrot_blazevic/Mandelbrot/designs/vivado/mandelbrot_pinout/2018.2/mandelbrot_pinout.sim/sim_1/synth/timing/xsim/webtalk.log
# Journal file: /home/xilinx/lpsc_mandelbrot_blazevic/Mandelbrot/designs/vivado/mandelbrot_pinout/2018.2/mandelbrot_pinout.sim/sim_1/synth/timing/xsim/webtalk.jou
#-----------------------------------------------------------
source /home/xilinx/lpsc_mandelbrot_blazevic/Mandelbrot/designs/vivado/mandelbrot_pinout/2018.2/mandelbrot_pinout.sim/sim_1/synth/timing/xsim/xsim.dir/mandel_iter_time_synth/webtalk/xsim_webtalk.tcl -notrace
